# name: test_process_run_handles_exception_interrupt
  'Interrupted. Ctrl+C'
---
