# name: test_shim_handles_process_interrupt
  'Interrupted. Ctrl+C'
---
